// Jest Snapshot v1, https://goo.gl/fbAQLP

exports[`NavBar matches snapshot 1`] = `
<div>
  <header
    class="ant-layout-header sc-iqsfdx hqwVIt header"
  >
    <div
      class="sc-iCfLBT ljtVXz"
    >
      <a
        href="/"
      >
        <svg
          class="sc-gKckTs jaWLCM"
        >
          brand.svg
        </svg>
      </a>
    </div>
    <div
      class="sc-crHlIS dgufeY"
    >
      <ul
        class="ant-menu ant-menu-light sc-dkPtyc efIkys ant-menu-root ant-menu-horizontal"
        data-testid="tablet-navbar"
        role="menu"
      >
        <li
          class="ant-menu-submenu ant-menu-submenu-horizontal ant-menu-overflowed-submenu"
          role="menuitem"
          style="display: none;"
        >
          <div
            aria-expanded="false"
            aria-haspopup="true"
            class="ant-menu-submenu-title"
            role="button"
          >
            <span>
              ···
            </span>
            <i
              class="ant-menu-submenu-arrow"
            />
          </div>
        </li>
        <li
          class="ant-menu-item sc-eCImvq bkELLT ant-menu-item-selected"
          data-testid="navbar-item"
          role="menuitem"
        >
          <span
            aria-label="dashboard"
            class="anticon anticon-dashboard ant-menu-item-icon"
            role="img"
          >
            <svg
              aria-hidden="true"
              data-icon="dashboard"
              fill="currentColor"
              focusable="false"
              height="1em"
              viewBox="64 64 896 896"
              width="1em"
            >
              <path
                d="M924.8 385.6a446.7 446.7 0 00-96-142.4 446.7 446.7 0 00-142.4-96C631.1 123.8 572.5 112 512 112s-119.1 11.8-174.4 35.2a446.7 446.7 0 00-142.4 96 446.7 446.7 0 00-96 142.4C75.8 440.9 64 499.5 64 560c0 132.7 58.3 257.7 159.9 343.1l1.7 1.4c5.8 4.8 13.1 7.5 20.6 7.5h531.7c7.5 0 14.8-2.7 20.6-7.5l1.7-1.4C901.7 817.7 960 692.7 960 560c0-60.5-11.9-119.1-35.2-174.4zM761.4 836H262.6A371.12 371.12 0 01140 560c0-99.4 38.7-192.8 109-263 70.3-70.3 163.7-109 263-109 99.4 0 192.8 38.7 263 109 70.3 70.3 109 163.7 109 263 0 105.6-44.5 205.5-122.6 276zM623.5 421.5a8.03 8.03 0 00-11.3 0L527.7 506c-18.7-5-39.4-.2-54.1 14.5a55.95 55.95 0 000 79.2 55.95 55.95 0 0079.2 0 55.87 55.87 0 0014.5-54.1l84.5-84.5c3.1-3.1 3.1-8.2 0-11.3l-28.3-28.3zM490 320h44c4.4 0 8-3.6 8-8v-80c0-4.4-3.6-8-8-8h-44c-4.4 0-8 3.6-8 8v80c0 4.4 3.6 8 8 8zm260 218v44c0 4.4 3.6 8 8 8h80c4.4 0 8-3.6 8-8v-44c0-4.4-3.6-8-8-8h-80c-4.4 0-8 3.6-8 8zm12.7-197.2l-31.1-31.1a8.03 8.03 0 00-11.3 0l-56.6 56.6a8.03 8.03 0 000 11.3l31.1 31.1c3.1 3.1 8.2 3.1 11.3 0l56.6-56.6c3.1-3.1 3.1-8.2 0-11.3zm-458.6-31.1a8.03 8.03 0 00-11.3 0l-31.1 31.1a8.03 8.03 0 000 11.3l56.6 56.6c3.1 3.1 8.2 3.1 11.3 0l31.1-31.1c3.1-3.1 3.1-8.2 0-11.3l-56.6-56.6zM262 530h-80c-4.4 0-8 3.6-8 8v44c0 4.4 3.6 8 8 8h80c4.4 0 8-3.6 8-8v-44c0-4.4-3.6-8-8-8z"
              />
            </svg>
          </span>
          <span>
            <a
              class="sc-hKwCoD hsSRrP"
              href="/"
            >
              navbar.dashboard
            </a>
          </span>
        </li>
        <li
          class="ant-menu-submenu ant-menu-submenu-horizontal ant-menu-overflowed-submenu"
          role="menuitem"
          style="display: none;"
        >
          <div
            aria-expanded="false"
            aria-haspopup="true"
            class="ant-menu-submenu-title"
            role="button"
          >
            <span>
              ···
            </span>
            <i
              class="ant-menu-submenu-arrow"
            />
          </div>
        </li>
        <li
          class="ant-menu-item sc-eCImvq bkELLT"
          data-testid="navbar-item"
          role="menuitem"
        >
          <svg
            class="ant-menu-item-icon"
          >
            patient.svg
          </svg>
          <span>
            <a
              class="sc-hKwCoD hsSRrP"
              href="/patients"
            >
              navbar.patients
            </a>
          </span>
        </li>
        <li
          class="ant-menu-submenu ant-menu-submenu-horizontal ant-menu-overflowed-submenu"
          role="menuitem"
          style="display: none;"
        >
          <div
            aria-expanded="false"
            aria-haspopup="true"
            class="ant-menu-submenu-title"
            role="button"
          >
            <span>
              ···
            </span>
            <i
              class="ant-menu-submenu-arrow"
            />
          </div>
        </li>
        <li
          class="ant-menu-item sc-eCImvq bkELLT"
          data-testid="navbar-item"
          role="menuitem"
        >
          <span
            aria-label="shopping-cart"
            class="anticon anticon-shopping-cart ant-menu-item-icon"
            role="img"
          >
            <svg
              aria-hidden="true"
              data-icon="shopping-cart"
              fill="currentColor"
              focusable="false"
              height="1em"
              viewBox="0 0 1024 1024"
              width="1em"
            >
              <path
                d="M922.9 701.9H327.4l29.9-60.9 496.8-.9c16.8 0 31.2-12 34.2-28.6l68.8-385.1c1.8-10.1-.9-20.5-7.5-28.4a34.99 34.99 0 00-26.6-12.5l-632-2.1-5.4-25.4c-3.4-16.2-18-28-34.6-28H96.5a35.3 35.3 0 100 70.6h125.9L246 312.8l58.1 281.3-74.8 122.1a34.96 34.96 0 00-3 36.8c6 11.9 18.1 19.4 31.5 19.4h62.8a102.43 102.43 0 00-20.6 61.7c0 56.6 46 102.6 102.6 102.6s102.6-46 102.6-102.6c0-22.3-7.4-44-20.6-61.7h161.1a102.43 102.43 0 00-20.6 61.7c0 56.6 46 102.6 102.6 102.6s102.6-46 102.6-102.6c0-22.3-7.4-44-20.6-61.7H923c19.4 0 35.3-15.8 35.3-35.3a35.42 35.42 0 00-35.4-35.2zM305.7 253l575.8 1.9-56.4 315.8-452.3.8L305.7 253zm96.9 612.7c-17.4 0-31.6-14.2-31.6-31.6 0-17.4 14.2-31.6 31.6-31.6s31.6 14.2 31.6 31.6a31.6 31.6 0 01-31.6 31.6zm325.1 0c-17.4 0-31.6-14.2-31.6-31.6 0-17.4 14.2-31.6 31.6-31.6s31.6 14.2 31.6 31.6a31.6 31.6 0 01-31.6 31.6z"
              />
            </svg>
          </span>
          <span>
            <a
              class="sc-hKwCoD hsSRrP"
              href="/order-analysis"
            >
              navbar.orderAnalysis
            </a>
          </span>
        </li>
        <li
          class="ant-menu-submenu ant-menu-submenu-horizontal ant-menu-overflowed-submenu"
          role="menuitem"
          style="visibility: hidden; position: absolute; display: none;"
        >
          <div
            aria-expanded="false"
            aria-haspopup="true"
            class="ant-menu-submenu-title"
            role="button"
          >
            <span>
              ···
            </span>
            <i
              class="ant-menu-submenu-arrow"
            />
          </div>
        </li>
      </ul>
    </div>
    <ul
      class="ant-menu ant-menu-light sc-dkPtyc efIkys sc-kDThTU jrinWD ant-menu-root ant-menu-horizontal"
      data-testid="profile-tablet-submenu"
      role="menu"
    >
      <li
        class="ant-menu-submenu ant-menu-submenu-horizontal ant-menu-overflowed-submenu"
        role="menuitem"
        style="display: none;"
      >
        <div
          aria-expanded="false"
          aria-haspopup="true"
          class="ant-menu-submenu-title"
          role="button"
        >
          <span>
            ···
          </span>
          <i
            class="ant-menu-submenu-arrow"
          />
        </div>
      </li>
      <li
        class="ant-menu-submenu ant-menu-submenu-horizontal sc-jrQzUz lpjTkG"
        role="menuitem"
      >
        <div
          aria-expanded="false"
          aria-haspopup="true"
          class="ant-menu-submenu-title"
          role="button"
        >
          <span
            aria-label="user"
            class="anticon anticon-user"
            role="img"
          >
            <svg
              aria-hidden="true"
              data-icon="user"
              fill="currentColor"
              focusable="false"
              height="1em"
              viewBox="64 64 896 896"
              width="1em"
            >
              <path
                d="M858.5 763.6a374 374 0 00-80.6-119.5 375.63 375.63 0 00-119.5-80.6c-.4-.2-.8-.3-1.2-.5C719.5 518 760 444.7 760 362c0-137-111-248-248-248S264 225 264 362c0 82.7 40.5 156 102.8 201.1-.4.2-.8.3-1.2.5-44.8 18.9-85 46-119.5 80.6a375.63 375.63 0 00-80.6 119.5A371.7 371.7 0 00136 901.8a8 8 0 008 8.2h60c4.4 0 7.9-3.5 8-7.8 2-77.2 33-149.5 87.8-204.3 56.7-56.7 132-87.9 212.2-87.9s155.5 31.2 212.2 87.9C779 752.7 810 825 812 902.2c.1 4.4 3.6 7.8 8 7.8h60a8 8 0 008-8.2c-1-47.8-10.9-94.3-29.5-138.2zM512 534c-45.9 0-89.1-17.9-121.6-50.4S340 407.9 340 362c0-45.9 17.9-89.1 50.4-121.6S466.1 190 512 190s89.1 17.9 121.6 50.4S684 316.1 684 362c0 45.9-17.9 89.1-50.4 121.6S557.9 534 512 534z"
              />
            </svg>
          </span>
          <span>
            <span
              class="sc-furvIG cGmXbe"
            >
              navbar.profile
               
              <span
                aria-label="caret-down"
                class="anticon anticon-caret-down"
                role="img"
              >
                <svg
                  aria-hidden="true"
                  data-icon="caret-down"
                  fill="currentColor"
                  focusable="false"
                  height="1em"
                  viewBox="0 0 1024 1024"
                  width="1em"
                >
                  <path
                    d="M840.4 300H183.6c-19.7 0-30.7 20.8-18.5 35l328.4 380.8c9.4 10.9 27.5 10.9 37 0L858.9 335c12.2-14.2 1.2-35-18.5-35z"
                  />
                </svg>
              </span>
            </span>
          </span>
          <i
            class="ant-menu-submenu-arrow"
          />
        </div>
      </li>
      <li
        class="ant-menu-submenu ant-menu-submenu-horizontal ant-menu-overflowed-submenu"
        role="menuitem"
        style="visibility: hidden; position: absolute; display: none;"
      >
        <div
          aria-expanded="false"
          aria-haspopup="true"
          class="ant-menu-submenu-title"
          role="button"
        >
          <span>
            ···
          </span>
          <i
            class="ant-menu-submenu-arrow"
          />
        </div>
      </li>
    </ul>
  </header>
</div>
`;
